******************************************************************************
                  TI ARM Linker PC v20.2.7                     
******************************************************************************
>> Linked Fri Nov 24 21:32:47 2023

OUTPUT FILE NAME:   <TivacAutomotiveEmbeddedProject.out>
ENTRY POINT SYMBOL: "_c_int00_noargs"  address: 0000056d


MEMORY CONFIGURATION

         name            origin    length      used     unused   attr    fill
----------------------  --------  ---------  --------  --------  ----  --------
  FLASH                 00000000   00040000  0000060e  0003f9f2  R  X
  SRAM                  20000000   00008000  00000208  00007df8  RW X


SEGMENT ALLOCATION MAP

run origin  load origin   length   init length attrs members
----------  ----------- ---------- ----------- ----- -------
00000000    00000000    00000610   00000610    r-x
  00000000    00000000    0000026c   0000026c    r-- .intvecs
  0000026c    0000026c    00000372   00000372    r-x .text
  000005e0    000005e0    00000030   00000030    r-- .cinit
20000000    20000000    00000208   00000000    rw-
  20000000    20000000    00000200   00000000    rw- .stack
  20000200    20000200    00000004   00000000    rw- .bss
  20000204    20000204    00000004   00000000    rw- .data


SECTION ALLOCATION MAP

 output                                  attributes/
section   page    origin      length       input sections
--------  ----  ----------  ----------   ----------------
.intvecs   0    00000000    0000026c     
                  00000000    0000026c     tm4c123gh6pm_startup_ccs.obj (.intvecs)

.text      0    0000026c    00000372     
                  0000026c    000000e0     i2c.obj (.text)
                  0000034c    0000009c     rtsv7M4_T_le_v4SPD16_eabi.lib : memcpy_t2.asm.obj (.text)
                  000003e8    00000098     SysTick.obj (.text)
                  00000480    00000068     rtsv7M4_T_le_v4SPD16_eabi.lib : copy_decompress_lzss.c.obj (.text:decompress:lzss:__TI_decompress_lzss)
                  000004e8    00000044                                   : autoinit.c.obj (.text:__TI_auto_init_nobinit_nopinit:__TI_auto_init_nobinit_nopinit)
                  0000052c    00000040     main.obj (.text)
                  0000056c    00000034     rtsv7M4_T_le_v4SPD16_eabi.lib : boot_cortex_m.c.obj (.text:_c_int00_noargs:_c_int00_noargs)
                  000005a0    0000001c                                   : copy_zero_init.c.obj (.text:decompress:ZI:__TI_zero_init_nomemset:__TI_zero_init_nomemset)
                  000005bc    0000000e                                   : copy_decompress_none.c.obj (.text:decompress:none:__TI_decompress_none)
                  000005ca    0000000c     tm4c123gh6pm_startup_ccs.obj (.text)
                  000005d6    00000004     rtsv7M4_T_le_v4SPD16_eabi.lib : pre_init.c.obj (.text:_system_pre_init)
                  000005da    00000004                                   : exit.c.obj (.text:abort:abort)

.cinit     0    000005e0    00000030     
                  000005e0    0000000c     (__TI_handler_table)
                  000005ec    00000004     --HOLE-- [fill = 0]
                  000005f0    00000008     (.cinit..bss.load) [load image, compression = zero_init]
                  000005f8    00000007     (.cinit..data.load) [load image, compression = lzss]
                  000005ff    00000001     --HOLE-- [fill = 0]
                  00000600    00000010     (__TI_cinit_table)

.init_array 
*          0    00000000    00000000     UNINITIALIZED

.bss       0    20000200    00000004     UNINITIALIZED
                  20000200    00000004     (.common:counter)

.data      0    20000204    00000004     UNINITIALIZED
                  20000204    00000004     SysTick.obj (.data)

.stack     0    20000000    00000200     UNINITIALIZED
                  20000000    00000004     rtsv7M4_T_le_v4SPD16_eabi.lib : boot_cortex_m.c.obj (.stack)
                  20000004    000001fc     --HOLE--

__llvm_prf_cnts 
*          0    20000000    00000000     UNINITIALIZED

MODULE SUMMARY

       Module                         code   ro data   rw data
       ------                         ----   -------   -------
    .\
       tm4c123gh6pm_startup_ccs.obj   12     620       0      
       i2c.obj                        224    0         0      
       SysTick.obj                    152    0         8      
       main.obj                       64     0         0      
    +--+------------------------------+------+---------+---------+
       Total:                         452    620       8      
                                                              
    D:\code composer\ccs\tools\compiler\ti-cgt-arm_20.2.7.LTS\lib\rtsv7M4_T_le_v4SPD16_eabi.lib
       memcpy_t2.asm.obj              156    0         0      
       copy_decompress_lzss.c.obj     104    0         0      
       autoinit.c.obj                 68     0         0      
       boot_cortex_m.c.obj            52     0         0      
       copy_zero_init.c.obj           28     0         0      
       copy_decompress_none.c.obj     14     0         0      
       exit.c.obj                     4      0         0      
       pre_init.c.obj                 4      0         0      
    +--+------------------------------+------+---------+---------+
       Total:                         430    0         0      
                                                              
       Stack:                         0      0         512    
       Linker Generated:              0      43        0      
    +--+------------------------------+------+---------+---------+
       Grand Total:                   882    663       520    


LINKER GENERATED COPY TABLES

__TI_cinit_table @ 00000600 records: 2, size/record: 8, table size: 16
	.bss: load addr=000005f0, load size=00000008 bytes, run addr=20000200, run size=00000004 bytes, compression=zero_init
	.data: load addr=000005f8, load size=00000007 bytes, run addr=20000204, run size=00000004 bytes, compression=lzss


LINKER GENERATED HANDLER TABLE

__TI_handler_table @ 000005e0 records: 3, size/record: 4, table size: 12
	index: 0, handler: __TI_decompress_lzss
	index: 1, handler: __TI_decompress_none
	index: 2, handler: __TI_zero_init


GLOBAL SYMBOLS: SORTED ALPHABETICALLY BY Name 

address   name                          
-------   ----                          
000005db  C$$EXIT                       
00000407  Delay_ms                      
00000289  I2CMasterInit                 
000002f9  I2CMasterSend                 
000005cb  ResetISR                      
0000044b  SysTick_Handler               
000003e9  SysTick_Init                  
0000042f  SysTick_Setup_Second          
20000200  __STACK_END                   
00000200  __STACK_SIZE                  
20000200  __STACK_TOP                   
00000600  __TI_CINIT_Base               
00000610  __TI_CINIT_Limit              
000005e0  __TI_Handler_Table_Base       
000005ec  __TI_Handler_Table_Limit      
000004e9  __TI_auto_init_nobinit_nopinit
00000481  __TI_decompress_lzss          
000005bd  __TI_decompress_none          
ffffffff  __TI_pprof_out_hndl           
ffffffff  __TI_prof_data_size           
ffffffff  __TI_prof_data_start          
00000000  __TI_static_base__            
000005a1  __TI_zero_init_nomemset       
0000034d  __aeabi_memcpy                
0000034d  __aeabi_memcpy4               
0000034d  __aeabi_memcpy8               
ffffffff  __binit__                     
ffffffff  __c_args__                    
UNDEFED   __mpu_init                    
20000000  __stack                       
20000000  __start___llvm_prf_cnts       
20000000  __stop___llvm_prf_cnts        
0000056d  _c_int00_noargs               
UNDEFED   _system_post_cinit            
000005d7  _system_pre_init              
000005db  abort                         
ffffffff  binit                         
20000200  counter                       
0000026d  delay                         
20000204  flag                          
00000000  g_pfnVectors                  
0000052d  main                          
0000034d  memcpy                        


GLOBAL SYMBOLS: SORTED BY Symbol Address 

address   name                          
-------   ----                          
00000000  __TI_static_base__            
00000000  g_pfnVectors                  
00000200  __STACK_SIZE                  
0000026d  delay                         
00000289  I2CMasterInit                 
000002f9  I2CMasterSend                 
0000034d  __aeabi_memcpy                
0000034d  __aeabi_memcpy4               
0000034d  __aeabi_memcpy8               
0000034d  memcpy                        
000003e9  SysTick_Init                  
00000407  Delay_ms                      
0000042f  SysTick_Setup_Second          
0000044b  SysTick_Handler               
00000481  __TI_decompress_lzss          
000004e9  __TI_auto_init_nobinit_nopinit
0000052d  main                          
0000056d  _c_int00_noargs               
000005a1  __TI_zero_init_nomemset       
000005bd  __TI_decompress_none          
000005cb  ResetISR                      
000005d7  _system_pre_init              
000005db  C$$EXIT                       
000005db  abort                         
000005e0  __TI_Handler_Table_Base       
000005ec  __TI_Handler_Table_Limit      
00000600  __TI_CINIT_Base               
00000610  __TI_CINIT_Limit              
20000000  __stack                       
20000000  __start___llvm_prf_cnts       
20000000  __stop___llvm_prf_cnts        
20000200  __STACK_END                   
20000200  __STACK_TOP                   
20000200  counter                       
20000204  flag                          
ffffffff  __TI_pprof_out_hndl           
ffffffff  __TI_prof_data_size           
ffffffff  __TI_prof_data_start          
ffffffff  __binit__                     
ffffffff  __c_args__                    
ffffffff  binit                         
UNDEFED   __mpu_init                    
UNDEFED   _system_post_cinit            

[43 symbols]
